<html>
<body>
<pre>
<h1>µVision Build Log</h1>
<h2>Tool Versions:</h2>
IDE-Version: ¦ÌVision V5.25.2.0
Copyright (C) 2018 ARM Ltd and ARM Germany GmbH. All rights reserved.
License Information: dw s, qdqqx, LIC=2TTEV-PK4VJ-BVF1G-VXLL3-XDRAL-1IKC8
 
Tool Versions:
Toolchain:       MDK-ARM Professional  Version: 5.25.2.0
Toolchain Path:  C:\Keil 5\ARM\ARMCC\Bin
C Compiler:      Armcc.exe V5.06 update 6 (build 750)
Assembler:       Armasm.exe V5.06 update 6 (build 750)
Linker/Locator:  ArmLink.exe V5.06 update 6 (build 750)
Library Manager: ArmAr.exe V5.06 update 6 (build 750)
Hex Converter:   FromElf.exe V5.06 update 6 (build 750)
CPU DLL:         SARMCM3.DLL V5.25.2.0
Dialog DLL:      DARMSTM.DLL V1.68.0.0
Target DLL:      STLink\ST-LINKIII-KEIL_SWO.dll V3.0.1.0
Dialog DLL:      TARMSTM.DLL V1.66.0.0
 
<h2>Project:</h2>
C:\Users\Crystal\Desktop\Íê³É°æ¶þ²â(PWMÎ´²â)-ºìÍâ+³¬Éù²¨+´®¿Ú\³ÌÐò\USER\STM32-DEMO.uvprojx
Project File Date:  05/29/2018

<h2>Output:</h2>
*** Using Compiler 'V5.06 update 6 (build 750)', folder: 'C:\Keil 5\ARM\ARMCC\Bin'
Build target 'USART1-DEMO'
compiling main.c...
motor.h(9): warning:  #1295-D: Deprecated declaration set_zero - give arg types
  void set_zero();
motor.h(10): warning:  #1295-D: Deprecated declaration set_zero_back - give arg types
  void set_zero_back();
main.c: 2 warnings, 0 errors
compiling motor.c...
motor.h(9): warning:  #1295-D: Deprecated declaration set_zero - give arg types
  void set_zero();
motor.h(10): warning:  #1295-D: Deprecated declaration set_zero_back - give arg types
  void set_zero_back();
motor.c: 2 warnings, 0 errors
linking...
Program Size: Code=11016 RO-data=336 RW-data=60 ZI-data=1028  
"..\Output\STM32-DEMO.axf" - 0 Error(s), 4 Warning(s).

<h2>Software Packages used:</h2>

Package Vendor: ARM
                http://www.keil.com/pack/ARM.CMSIS.5.3.0.pack
                ARM.CMSIS.5.3.0
                CMSIS (Cortex Microcontroller Software Interface Standard)
   * Component: CORE Version: 5.1.1

Package Vendor: Keil
                http://www.keil.com/pack/Keil.STM32F1xx_DFP.2.2.0.pack
                Keil.STM32F1xx_DFP.2.2.0
                STMicroelectronics STM32F1 Series Device Support, Drivers and Examples

<h2>Collection of Component include folders:</h2>
  .\RTE\_USART1-DEMO
  C:\Keil 5\ARM\PACK\ARM\CMSIS\5.3.0\CMSIS\Include
  C:\Keil 5\ARM\PACK\Keil\STM32F1xx_DFP\2.2.0\Device\Include

<h2>Collection of Component Files used:</h2>

   * Component: ARM::CMSIS:CORE:5.1.1
Build Time Elapsed:  00:00:01
</pre>
</body>
</html>
